// Jest Snapshot v1, https://goo.gl/fbAQLP

exports[`renders correctly 1`] = `
<div
  className="FormWrapper sc-jzJRlG cVmYdj"
>
  <form
    className="sc-gqjmRU dUoxRD"
  >
    <div
      className="sc-VigVT PARcK"
    >
      Name:
      <input
        className="sc-dnqmqq bOswFF"
        name="name"
        type="text"
      />
    </div>
    <div
      className="sc-VigVT PARcK"
    >
      Date of Birth:
      <input
        className="sc-dnqmqq bOswFF"
        name="dob"
        placeholder="dd/mm/yy"
        type="text"
      />
    </div>
    <div
      className="sc-VigVT PARcK"
    >
      Employment Status:
      <select
        className="sc-iwsKbI kmDqyJ"
        name="status"
        onChange={[Function]}
        value=""
      >
        <option>
          Select status
        </option>
        <option>
          Student
        </option>
        <option>
          Other
        </option>
      </select>
    </div>
    <div
      className="sc-VigVT PARcK"
    >
      House Number:
      <input
        className="sc-dnqmqq bOswFF"
        name="house"
        type="text"
      />
    </div>
    <div
      className="sc-VigVT PARcK"
    >
      Postcode:
      <input
        className="sc-dnqmqq bOswFF"
        name="postcode"
        type="text"
      />
    </div>
    <div
      className="sc-VigVT PARcK"
    >
      Annual Income £:
      <input
        className="sc-dnqmqq bOswFF"
        name="income"
        onChange={[Function]}
        type="text"
        value=""
      />
    </div>
  </form>
  <h1
    className="sc-fjdhpX eVuMKV"
  >
    The best cards for you
  </h1>
  <div
    className="sc-gZMcBi kxKOSw"
  >
    <div
      className="sc-bwzfXH uTxCW"
    >
      <div
        className="cardName sc-htpNat keciuZ"
        onClick={[Function]}
        selected={true}
      >
        <h2>
          Anywhere Card
        </h2>
      </div>
    </div>
  </div>
  <h3
    className="creditTotal sc-jTzLTM evAbCp"
  >
    Total credit available to you: £
    0
  </h3>
</div>
`;
